// Jest Snapshot v1, https://goo.gl/fbAQLP

exports[`Footer renders correctly 1`] = `
<footer
  className="Nav Row Footer"
>
  <div
    className="Row Footer__copy"
  >
    Made by
     
    <a
      className="Nav__link"
      href="https://www.github.com/victoriahchang"
      rel="noopener noreferrer"
      target="_blank"
    >
      Vi
    </a>
    with
    <div
      className="Emoji__heart"
    >
      ðŸ’–
    </div>
  </div>
</footer>
`;
