// Jest Snapshot v1, https://goo.gl/fbAQLP

exports[`Header renders correctly 1`] = `
<header
  className="Nav Header"
>
  <a
    href="/"
  >
    Home
  </a>
</header>
`;
