// Jest Snapshot v1, https://goo.gl/fbAQLP

exports[`Layout renders correctly 1`] = `
<div
  className="Layout"
>
  <header
    className="Nav Row Header"
  >
    <a
      href="/"
    >
      Home
    </a>
  </header>
  <main
    className="Main"
  />
  <footer
    className="Nav Row Footer"
  >
    <div
      className="Row Footer__copy"
    >
      Made by
       
      <a
        className="Nav__link"
        href="https://www.github.com/victoriahchang"
        rel="noopener noreferrer"
        target="_blank"
      >
        Vi
      </a>
      with
      <div
        className="Emoji__heart"
      >
        ðŸ’–
      </div>
    </div>
  </footer>
</div>
`;
